// Jest Snapshot v1, https://goo.gl/fbAQLP

exports[`<RepoTable/> renders correctly 1`] = `
<table>
  <thead>
    <tr>
      <th>
        Name
      </th>
      <th>
        Description
      </th>
      <th>
        Stars
      </th>
    </tr>
  </thead>
  <tbody>
    <tr>
      <td
        className="name"
      />
      <td
        className="description"
      />
      <td
        className="stars"
      />
    </tr>
  </tbody>
</table>
`;
